97df97e4b798b29eb31ed7280287a92a
4d6ca4e629785c1f01baf55e2e548566b9617ae3a96868c337cb93b5e72b1c7b
